Internal Server Error: /admin/login/
Traceback (most recent call last):
  File "C:\Users\Admin\AppData\Local\Programs\Python\Python314\Lib\site-packages\django\core\handlers\exception.py", line 55, in inner
    response = get_response(request)
  File "C:\Users\Admin\AppData\Local\Programs\Python\Python314\Lib\site-packages\django\core\handlers\base.py", line 220, in _get_response
    response = response.render()
  File "C:\Users\Admin\AppData\Local\Programs\Python\Python314\Lib\site-packages\django\template\response.py", line 114, in render
    self.content = self.rendered_content
                   ^^^^^^^^^^^^^^^^^^^^^
  File "C:\Users\Admin\AppData\Local\Programs\Python\Python314\Lib\site-packages\django\template\response.py", line 90, in rendered_content
    template = self.resolve_template(self.template_name)
  File "C:\Users\Admin\AppData\Local\Programs\Python\Python314\Lib\site-packages\django\template\response.py", line 72, in resolve_template
    return select_template(template, using=self.using)
  File "C:\Users\Admin\AppData\Local\Programs\Python\Python314\Lib\site-packages\django\template\loader.py", line 42, in select_template
    return engine.get_template(template_name)
           ~~~~~~~~~~~~~~~~~~~^^^^^^^^^^^^^^^
  File "C:\Users\Admin\AppData\Local\Programs\Python\Python314\Lib\site-packages\django\template\backends\django.py", line 79, in get_template
    return Template(self.engine.get_template(template_name), self)
                    ~~~~~~~~~~~~~~~~~~~~~~~~^^^^^^^^^^^^^^^
  File "C:\Users\Admin\AppData\Local\Programs\Python\Python314\Lib\site-packages\django\template\engine.py", line 177, in get_template
    template, origin = self.find_template(template_name)
                       ~~~~~~~~~~~~~~~~~~^^^^^^^^^^^^^^^
  File "C:\Users\Admin\AppData\Local\Programs\Python\Python314\Lib\site-packages\django\template\engine.py", line 159, in find_template
    template = loader.get_template(name, skip=skip)
  File "C:\Users\Admin\AppData\Local\Programs\Python\Python314\Lib\site-packages\django\template\loaders\cached.py", line 57, in get_template
    template = super().get_template(template_name, skip)
  File "C:\Users\Admin\AppData\Local\Programs\Python\Python314\Lib\site-packages\django\template\loaders\base.py", line 28, in get_template
    return Template(
        contents,
    ...<2 lines>...
        self.engine,
    )
  File "C:\Users\Admin\AppData\Local\Programs\Python\Python314\Lib\site-packages\django\template\base.py", line 155, in __init__
    self.nodelist = self.compile_nodelist()
                    ~~~~~~~~~~~~~~~~~~~~~^^
  File "C:\Users\Admin\AppData\Local\Programs\Python\Python314\Lib\site-packages\django\template\base.py", line 197, in compile_nodelist
    nodelist = parser.parse()
  File "C:\Users\Admin\AppData\Local\Programs\Python\Python314\Lib\site-packages\django\template\base.py", line 519, in parse
    raise self.error(token, e)
  File "C:\Users\Admin\AppData\Local\Programs\Python\Python314\Lib\site-packages\django\template\base.py", line 517, in parse
    compiled_result = compile_func(self, token)
  File "C:\Users\Admin\AppData\Local\Programs\Python\Python314\Lib\site-packages\django\template\loader_tags.py", line 299, in do_extends
    nodelist = parser.parse()
  File "C:\Users\Admin\AppData\Local\Programs\Python\Python314\Lib\site-packages\django\template\base.py", line 519, in parse
    raise self.error(token, e)
  File "C:\Users\Admin\AppData\Local\Programs\Python\Python314\Lib\site-packages\django\template\base.py", line 517, in parse
    compiled_result = compile_func(self, token)
  File "C:\Users\Admin\AppData\Local\Programs\Python\Python314\Lib\site-packages\django\template\loader_tags.py", line 234, in do_block
    nodelist = parser.parse(("endblock",))
  File "C:\Users\Admin\AppData\Local\Programs\Python\Python314\Lib\site-packages\django\template\base.py", line 519, in parse
    raise self.error(token, e)
  File "C:\Users\Admin\AppData\Local\Programs\Python\Python314\Lib\site-packages\django\template\base.py", line 517, in parse
    compiled_result = compile_func(self, token)
  File "C:\Users\Admin\AppData\Local\Programs\Python\Python314\Lib\site-packages\django\template\defaulttags.py", line 962, in do_if
    nodelist = parser.parse(("elif", "else", "endif"))
  File "C:\Users\Admin\AppData\Local\Programs\Python\Python314\Lib\site-packages\django\template\base.py", line 519, in parse
    raise self.error(token, e)
  File "C:\Users\Admin\AppData\Local\Programs\Python\Python314\Lib\site-packages\django\template\base.py", line 517, in parse
    compiled_result = compile_func(self, token)
  File "C:\Users\Admin\AppData\Local\Programs\Python\Python314\Lib\site-packages\django\templatetags\i18n.py", line 543, in do_block_translate
    raise TemplateSyntaxError(
        "Unknown argument for %r tag: %r." % (bits[0], option)
    )
django.template.exceptions.TemplateSyntaxError: Unknown argument for 'blocktranslate' tag: 'logged_in_as'.
"GET /admin/login/?next=/admin/ HTTP/1.1" 500 227871
